../../TouchGFX/gui/include/gui/model/ModelListener.hpp:18:18:virtual void ModelListener::clockUpdate(uint8_t, uint8_t, uint8_t)	0	static
../../TouchGFX/gui/include/gui/model/ModelListener.hpp:19:18:virtual void ModelListener::updateCurrent1(uint16_t)	0	static
../../TouchGFX/gui/include/gui/model/ModelListener.hpp:20:18:virtual void ModelListener::sdStatusUpdate(bool)	0	static
../../TouchGFX/gui/include/gui/filescreen_screen/FileScreenPresenter.hpp:28:13:FileScreenPresenter::~FileScreenPresenter()	0	static
D:/GUI_APP/Widgets_V1.02/TouchGFX/gui/src/filescreen_screen/FileScreenPresenter.cpp:10:6:virtual void FileScreenPresenter::activate()	0	static
../../TouchGFX/gui/include/gui/filescreen_screen/FileScreenPresenter.hpp:28:13:virtual FileScreenPresenter::~FileScreenPresenter()	8	static
../../TouchGFX/gui/include/gui/filescreen_screen/FileScreenPresenter.hpp:28:13:virtual void* FileScreenPresenter::_ZThn4_N19FileScreenPresenterD1Ev()	0	static
D:/GUI_APP/Widgets_V1.02/TouchGFX/gui/src/filescreen_screen/FileScreenPresenter.cpp:4:1:FileScreenPresenter::FileScreenPresenter(FileScreenView&)	8	static
