../../TouchGFX/gui/include/gui/model/ModelListener.hpp:18:18:virtual void ModelListener::clockUpdate(uint8_t, uint8_t, uint8_t)	0	static
../../TouchGFX/gui/include/gui/model/ModelListener.hpp:19:18:virtual void ModelListener::updateCurrent1(uint16_t)	0	static
../../TouchGFX/gui/include/gui/model/ModelListener.hpp:20:18:virtual void ModelListener::sdStatusUpdate(bool)	0	static
../../TouchGFX/gui/include/gui/screen2_screen/Screen2Presenter.hpp:28:13:Screen2Presenter::~Screen2Presenter()	0	static
D:/GUI_APP/Widgets_V1.02/TouchGFX/gui/src/screen2_screen/Screen2Presenter.cpp:10:6:virtual void Screen2Presenter::activate()	0	static
../../TouchGFX/gui/include/gui/screen2_screen/Screen2Presenter.hpp:28:13:virtual Screen2Presenter::~Screen2Presenter()	8	static
../../TouchGFX/gui/include/gui/screen2_screen/Screen2Presenter.hpp:28:13:virtual void* Screen2Presenter::_ZThn4_N16Screen2PresenterD1Ev()	0	static
D:/GUI_APP/Widgets_V1.02/TouchGFX/gui/src/screen2_screen/Screen2Presenter.cpp:4:1:Screen2Presenter::Screen2Presenter(Screen2View&)	8	static
