../../Middlewares/ST/touchgfx/framework/include/touchgfx/Drawable.hpp:147:23:virtual touchgfx::Drawable* touchgfx::Drawable::getFirstChild()	0	static
../../Middlewares/ST/touchgfx/framework/include/touchgfx/Drawable.hpp:315:18:virtual void touchgfx::Drawable::setX(int16_t)	0	static
../../Middlewares/ST/touchgfx/framework/include/touchgfx/Drawable.hpp:327:18:virtual void touchgfx::Drawable::setY(int16_t)	0	static
../../Middlewares/ST/touchgfx/framework/include/touchgfx/Drawable.hpp:356:18:virtual void touchgfx::Drawable::setWidth(int16_t)	0	static
../../Middlewares/ST/touchgfx/framework/include/touchgfx/Drawable.hpp:368:18:virtual void touchgfx::Drawable::setHeight(int16_t)	0	static
../../Middlewares/ST/touchgfx/framework/include/touchgfx/Drawable.hpp:378:18:virtual void touchgfx::Drawable::childGeometryChanged()	0	static
../../Middlewares/ST/touchgfx/framework/include/touchgfx/Drawable.hpp:389:18:virtual void touchgfx::Drawable::handleClickEvent(const touchgfx::ClickEvent&)	0	static
../../Middlewares/ST/touchgfx/framework/include/touchgfx/Drawable.hpp:400:18:virtual void touchgfx::Drawable::handleGestureEvent(const touchgfx::GestureEvent&)	0	static
../../Middlewares/ST/touchgfx/framework/include/touchgfx/Drawable.hpp:488:18:virtual void touchgfx::Drawable::handleDragEvent(const touchgfx::DragEvent&)	0	static
../../Middlewares/ST/touchgfx/framework/include/touchgfx/Drawable.hpp:498:18:virtual void touchgfx::Drawable::handleTickEvent()	0	static
../../Middlewares/ST/touchgfx/framework/include/touchgfx/Drawable.hpp:585:18:virtual void touchgfx::Drawable::moveTo(int16_t, int16_t)	4	static
../../Middlewares/ST/touchgfx/framework/include/touchgfx/Drawable.hpp:700:18:virtual void touchgfx::Drawable::setupDrawChain(const touchgfx::Rect&, touchgfx::Drawable**)	0	static
../../Middlewares/ST/touchgfx/framework/include/touchgfx/containers/Container.hpp:165:23:virtual touchgfx::Drawable* touchgfx::Container::getFirstChild()	0	static
../../Middlewares/ST/touchgfx/framework/include/touchgfx/Screen.hpp:93:18:virtual void touchgfx::Screen::setupScreen()	0	static
../../Middlewares/ST/touchgfx/framework/include/touchgfx/Screen.hpp:104:18:virtual void touchgfx::Screen::afterTransition()	0	static
../../Middlewares/ST/touchgfx/framework/include/touchgfx/Screen.hpp:115:18:virtual void touchgfx::Screen::tearDownScreen()	0	static
../../Middlewares/ST/touchgfx/framework/include/touchgfx/Screen.hpp:144:18:virtual void touchgfx::Screen::handleTickEvent()	0	static
../../Middlewares/ST/touchgfx/framework/include/touchgfx/Screen.hpp:154:18:virtual void touchgfx::Screen::handleKeyEvent(uint8_t)	0	static
../../Middlewares/ST/touchgfx/framework/include/touchgfx/widgets/Widget.hpp:47:18:virtual void touchgfx::Widget::getLastChild(int16_t, int16_t, touchgfx::Drawable**)	0	static
../../Middlewares/ST/touchgfx/framework/include/touchgfx/TypedText.hpp:65:13:touchgfx::TypedText::~TypedText()	0	static
../../Middlewares/ST/touchgfx/framework/include/touchgfx/widgets/TextArea.hpp:48:18:virtual void touchgfx::TextArea::setWidth(int16_t)	32	static
../../Middlewares/ST/touchgfx/framework/include/touchgfx/widgets/TextArea.hpp:54:18:virtual void touchgfx::TextArea::setHeight(int16_t)	32	static
../../Middlewares/ST/touchgfx/framework/include/touchgfx/widgets/TextArea.hpp:60:18:virtual touchgfx::Rect touchgfx::TextArea::getSolidRect() const	0	static
../../Middlewares/ST/touchgfx/framework/include/touchgfx/widgets/TextArea.hpp:89:18:virtual void touchgfx::TextArea::setAlpha(uint8_t)	0	static
../../Middlewares/ST/touchgfx/framework/include/touchgfx/widgets/TextArea.hpp:127:18:virtual void touchgfx::TextArea::setXBaselineY(int16_t, int16_t)	16	static
../../Middlewares/ST/touchgfx/framework/include/touchgfx/widgets/TextArea.hpp:403:41:virtual const UnicodeChar* touchgfx::TextArea::getWildcard2() const	0	static
../../Middlewares/ST/touchgfx/framework/include/touchgfx/widgets/TextAreaWithWildcard.hpp:81:41:virtual const UnicodeChar* touchgfx::TextAreaWithOneWildcard::getWildcard1() const	0	static
../../Middlewares/ST/touchgfx/framework/include/touchgfx/containers/buttons/AbstractButtonContainer.hpp:114:18:virtual void touchgfx::AbstractButtonContainer::handlePressedUpdated()	0	static
../../Middlewares/ST/touchgfx/framework/include/touchgfx/containers/buttons/AbstractButtonContainer.hpp:119:18:virtual void touchgfx::AbstractButtonContainer::handleAlphaUpdated()	0	static
../../Middlewares/ST/touchgfx/framework/include/touchgfx/containers/buttons/AbstractButtonContainer.hpp:34:7:touchgfx::AbstractButtonContainer::~AbstractButtonContainer()	0	static
../../Middlewares/ST/touchgfx/framework/include/mvp/View.hpp:36:7:touchgfx::View<MeasurementScreenPresenter>::~View()	0	static
../../TouchGFX/generated/gui_generated/include/gui_generated/measurementscreen_screen/MeasurementScreenViewBase.hpp:21:13:MeasurementScreenViewBase::~MeasurementScreenViewBase()	0	static
D:/GUI_APP/Widgets_V1.02/TouchGFX/generated/gui_generated/src/measurementscreen_screen/MeasurementScreenViewBase.cpp:230:6:virtual void MeasurementScreenViewBase::setupScreen()	0	static
../../Middlewares/ST/touchgfx/framework/include/touchgfx/containers/buttons/ClickButtonTrigger.hpp:35:7:touchgfx::ClickButtonTrigger::~ClickButtonTrigger()	0	static
../../Middlewares/ST/touchgfx/framework/include/touchgfx/containers/buttons/BoxWithBorderButtonStyle.hpp:41:7:touchgfx::BoxWithBorderButtonStyle<touchgfx::ClickButtonTrigger>::~BoxWithBorderButtonStyle()	0	static
../../Middlewares/ST/touchgfx/framework/include/touchgfx/containers/buttons/BoxWithBorderButtonStyle.hpp:123:18:void touchgfx::BoxWithBorderButtonStyle<T>::handlePressedUpdated() [with T = touchgfx::ClickButtonTrigger]	0	static
../../Middlewares/ST/touchgfx/framework/include/touchgfx/Callback.hpp:357:8:touchgfx::Callback<MeasurementScreenViewBase, const touchgfx::AbstractButtonContainer&>::~Callback()	0	static
../../Middlewares/ST/touchgfx/framework/include/touchgfx/containers/buttons/IconButtonStyle.hpp:44:7:touchgfx::IconButtonStyle<touchgfx::BoxWithBorderButtonStyle<touchgfx::ClickButtonTrigger> >::~IconButtonStyle()	0	static
../../Middlewares/ST/touchgfx/framework/include/touchgfx/widgets/TextAreaWithWildcard.hpp:59:7:touchgfx::TextAreaWithOneWildcard::~TextAreaWithOneWildcard()	0	static
../../Middlewares/ST/touchgfx/framework/include/touchgfx/Callback.hpp:386:18:void touchgfx::Callback<dest_type, T1, void, void>::execute(T1) [with dest_type = MeasurementScreenViewBase; T1 = const touchgfx::AbstractButtonContainer&]	8	static
../../Middlewares/ST/touchgfx/framework/include/touchgfx/Callback.hpp:396:18:bool touchgfx::Callback<dest_type, T1, void, void>::isValid() const [with dest_type = MeasurementScreenViewBase; T1 = const touchgfx::AbstractButtonContainer&]	0	static
../../Middlewares/ST/touchgfx/framework/include/touchgfx/containers/buttons/IconButtonStyle.hpp:144:18:void touchgfx::IconButtonStyle<T>::handleAlphaUpdated() [with T = touchgfx::BoxWithBorderButtonStyle<touchgfx::ClickButtonTrigger>]	0	static
../../Middlewares/ST/touchgfx/framework/include/touchgfx/containers/buttons/BoxWithBorderButtonStyle.hpp:131:18:void touchgfx::BoxWithBorderButtonStyle<T>::handleAlphaUpdated() [with T = touchgfx::ClickButtonTrigger]	0	static
../../Middlewares/ST/touchgfx/framework/include/touchgfx/TypedText.hpp:65:13:virtual touchgfx::TypedText::~TypedText()	8	static
../../Middlewares/ST/touchgfx/framework/include/touchgfx/widgets/TextAreaWithWildcard.hpp:59:7:virtual touchgfx::TextAreaWithOneWildcard::~TextAreaWithOneWildcard()	8	static
../../Middlewares/ST/touchgfx/framework/include/mvp/View.hpp:36:7:virtual touchgfx::View<MeasurementScreenPresenter>::~View()	8	static
../../Middlewares/ST/touchgfx/framework/include/touchgfx/containers/buttons/AbstractButtonContainer.hpp:34:7:virtual touchgfx::AbstractButtonContainer::~AbstractButtonContainer()	8	static
../../Middlewares/ST/touchgfx/framework/include/touchgfx/containers/buttons/ClickButtonTrigger.hpp:35:7:virtual touchgfx::ClickButtonTrigger::~ClickButtonTrigger()	8	static
../../Middlewares/ST/touchgfx/framework/include/touchgfx/containers/buttons/BoxWithBorderButtonStyle.hpp:41:7:virtual touchgfx::BoxWithBorderButtonStyle<touchgfx::ClickButtonTrigger>::~BoxWithBorderButtonStyle()	8	static
../../Middlewares/ST/touchgfx/framework/include/touchgfx/containers/buttons/IconButtonStyle.hpp:44:7:virtual touchgfx::IconButtonStyle<touchgfx::BoxWithBorderButtonStyle<touchgfx::ClickButtonTrigger> >::~IconButtonStyle()	8	static
../../Middlewares/ST/touchgfx/framework/include/touchgfx/Callback.hpp:357:8:virtual touchgfx::Callback<MeasurementScreenViewBase, const touchgfx::AbstractButtonContainer&>::~Callback()	8	static
../../TouchGFX/generated/gui_generated/include/gui_generated/measurementscreen_screen/MeasurementScreenViewBase.hpp:21:13:virtual MeasurementScreenViewBase::~MeasurementScreenViewBase()	8	static
../../Middlewares/ST/touchgfx/framework/include/touchgfx/containers/buttons/IconButtonStyle.hpp:137:18:void touchgfx::IconButtonStyle<T>::handlePressedUpdated() [with T = touchgfx::BoxWithBorderButtonStyle<touchgfx::ClickButtonTrigger>]	8	static
../../Middlewares/ST/touchgfx/framework/include/touchgfx/Drawable.hpp:121:18:virtual void touchgfx::Drawable::invalidateContent() const	0	static
../../Middlewares/ST/touchgfx/framework/include/touchgfx/containers/buttons/AbstractButtonContainer.hpp:99:18:virtual void touchgfx::AbstractButtonContainer::executeAction()	8	static
../../Middlewares/ST/touchgfx/framework/include/touchgfx/widgets/TextArea.hpp:111:18:virtual void touchgfx::TextArea::setBaselineY(int16_t)	16	static
../../Middlewares/ST/touchgfx/framework/include/touchgfx/containers/buttons/ClickButtonTrigger.hpp:47:18:virtual void touchgfx::ClickButtonTrigger::handleClickEvent(const touchgfx::ClickEvent&)	16	static
D:/GUI_APP/Widgets_V1.02/TouchGFX/generated/gui_generated/src/measurementscreen_screen/MeasurementScreenViewBase.cpp:235:6:void MeasurementScreenViewBase::flexButtonCallbackHandler(const touchgfx::AbstractButtonContainer&)	8	static
../../Middlewares/ST/touchgfx/framework/include/touchgfx/widgets/TextAreaWithWildcard.hpp:46:36:virtual touchgfx::TextArea::BoundingArea touchgfx::TextAreaWithWildcardBase::calculateBoundingArea() const	0	static
../../Middlewares/ST/touchgfx/framework/include/touchgfx/Drawable.hpp:343:10:void touchgfx::Drawable::setXY(int16_t, int16_t)	16	static
../../Middlewares/ST/touchgfx/framework/include/touchgfx/containers/buttons/IconButtonStyle.hpp:59:18:void touchgfx::IconButtonStyle<T>::setIconBitmaps(const touchgfx::Bitmap&, const touchgfx::Bitmap&) [with T = touchgfx::BoxWithBorderButtonStyle<touchgfx::ClickButtonTrigger>]	24	static
../../Middlewares/ST/touchgfx/framework/include/touchgfx/Drawable.hpp:233:10:void touchgfx::Drawable::setPosition(int16_t, int16_t, int16_t, int16_t)	16	static
../../Middlewares/ST/touchgfx/framework/include/touchgfx/widgets/Widget.hpp:36:7:touchgfx::Widget::Widget()	0	static
../../Middlewares/ST/touchgfx/framework/include/touchgfx/widgets/Box.hpp:33:5:touchgfx::Box::Box()	8	static
../../Middlewares/ST/touchgfx/framework/include/touchgfx/widgets/TextArea.hpp:43:5:touchgfx::TextArea::TextArea()	8	static
../../Middlewares/ST/touchgfx/framework/include/touchgfx/widgets/canvas/AbstractPainterRGB565.hpp:41:5:touchgfx::AbstractPainterRGB565::AbstractPainterRGB565()	16	static
../../Middlewares/ST/touchgfx/framework/include/touchgfx/widgets/TextAreaWithWildcard.hpp:62:5:touchgfx::TextAreaWithOneWildcard::TextAreaWithOneWildcard()	8	static
../../Middlewares/ST/touchgfx/framework/include/touchgfx/containers/buttons/IconButtonStyle.hpp:47:5:touchgfx::IconButtonStyle<T>::IconButtonStyle() [with T = touchgfx::BoxWithBorderButtonStyle<touchgfx::ClickButtonTrigger>]	32	static
../../Middlewares/ST/touchgfx/framework/include/touchgfx/widgets/canvas/Line.hpp:95:10:void touchgfx::Line::setStart(T, T) [with T = int]	0	static
../../Middlewares/ST/touchgfx/framework/include/touchgfx/widgets/canvas/Line.hpp:171:10:void touchgfx::Line::setEnd(T, T) [with T = int]	0	static
../../Middlewares/ST/touchgfx/framework/include/touchgfx/widgets/canvas/Line.hpp:248:10:void touchgfx::Line::setLineWidth(T) [with T = int]	4	static
D:/GUI_APP/Widgets_V1.02/TouchGFX/generated/gui_generated/src/measurementscreen_screen/MeasurementScreenViewBase.cpp:11:1:MeasurementScreenViewBase::MeasurementScreenViewBase()	224	static
