../Core/Src/main.c:68:5:_write	32	static
../Core/Src/main.c:87:5:main	8	static
../Core/Src/main.c:137:6:SystemClock_Config	88	static
../Core/Src/main.c:191:13:MX_USART1_UART_Init	8	static
../Core/Src/main.c:224:13:MX_USART2_UART_Init	8	static
../Core/Src/main.c:257:13:MX_USART3_UART_Init	8	static
../Core/Src/main.c:288:13:MX_DMA_Init	16	static
../Core/Src/main.c:312:13:MX_GPIO_Init	24	static
../Core/Src/main.c:329:6:HAL_UART_RxCpltCallback	16	static
../Core/Src/main.c:341:6:Error_Handler	4	static,ignoring_inline_asm
