../Application/User/File_Handling.c:31:6:Send_Uart	16	static
../Application/User/File_Handling.c:38:6:Mount_SD	8	static
../Application/User/File_Handling.c:45:6:Unmount_SD	8	static
../Application/User/File_Handling.c:53:9:Scan_SD	88	static
../Application/User/File_Handling.c:95:9:Format_SD	72	static
../Application/User/File_Handling.c:128:9:Write_File	24	static
../Application/User/File_Handling.c:187:9:Read_File	24	static
../Application/User/File_Handling.c:254:9:Create_File	24	static
../Application/User/File_Handling.c:303:9:Update_File	24	static
../Application/User/File_Handling.c:367:9:Remove_File	24	static
../Application/User/File_Handling.c:402:9:Create_Dir	24	static
../Application/User/File_Handling.c:422:6:Check_SD_Space	24	static
