D:/GUI_APP/Widgets_V1.02/Core/Src/main.c:1087:13:SPI5_Write	16	static
D:/GUI_APP/Widgets_V1.02/Core/Src/main.c:1204:6:StartDefaultTask	8	static
D:/GUI_APP/Widgets_V1.02/Core/Src/main.c:1228:6:StartClockTask	8	static
D:/GUI_APP/Widgets_V1.02/Core/Src/main.c:1258:6:StartSdTask	8	static
D:/GUI_APP/Widgets_V1.02/Core/Src/main.c:1282:6:StartSetClockTask	32	static
D:/GUI_APP/Widgets_V1.02/Core/Src/main.c:350:6:SystemClock_Config	96	static
D:/GUI_APP/Widgets_V1.02/Core/Src/main.c:234:5:main	120	static
D:/GUI_APP/Widgets_V1.02/Core/Src/main.c:931:6:IOE_Init	0	static
D:/GUI_APP/Widgets_V1.02/Core/Src/main.c:940:6:IOE_ITConfig	0	static
D:/GUI_APP/Widgets_V1.02/Core/Src/main.c:952:6:IOE_Write	32	static
D:/GUI_APP/Widgets_V1.02/Core/Src/main.c:963:9:IOE_Read	32	static
D:/GUI_APP/Widgets_V1.02/Core/Src/main.c:976:10:IOE_ReadMultiple	24	static
D:/GUI_APP/Widgets_V1.02/Core/Src/main.c:985:6:IOE_Delay	0	static
D:/GUI_APP/Widgets_V1.02/Core/Src/main.c:1113:6:LCD_IO_Init	8	static
D:/GUI_APP/Widgets_V1.02/Core/Src/main.c:1123:6:LCD_IO_WriteData	16	static
D:/GUI_APP/Widgets_V1.02/Core/Src/main.c:1139:6:LCD_IO_WriteReg	16	static
D:/GUI_APP/Widgets_V1.02/Core/Src/main.c:1158:10:LCD_IO_ReadData	32	static
D:/GUI_APP/Widgets_V1.02/Core/Src/main.c:1185:6:LCD_Delay	0	static
D:/GUI_APP/Widgets_V1.02/Core/Src/main.c:1190:6:HAL_GPIO_EXTI_Callback	0	static
D:/GUI_APP/Widgets_V1.02/Core/Src/main.c:1315:6:HAL_TIM_PeriodElapsedCallback	0	static
D:/GUI_APP/Widgets_V1.02/Core/Src/main.c:1332:6:Error_Handler	0	static
