../../Middlewares/ST/touchgfx/framework/include/touchgfx/Screen.hpp:104:18:virtual void touchgfx::Screen::afterTransition()	0	static
../../Middlewares/ST/touchgfx/framework/include/touchgfx/Screen.hpp:144:18:virtual void touchgfx::Screen::handleTickEvent()	0	static
../../Middlewares/ST/touchgfx/framework/include/touchgfx/Screen.hpp:154:18:virtual void touchgfx::Screen::handleKeyEvent(uint8_t)	0	static
../../TouchGFX/gui/include/gui/measurementscreen_screen/MeasurementScreenView.hpp:11:13:MeasurementScreenView::~MeasurementScreenView()	0	static
D:/GUI_APP/Widgets_V1.04/TouchGFX/gui/src/measurementscreen_screen/MeasurementScreenView.cpp:13:6:virtual void MeasurementScreenView::tearDownScreen()	0	static
D:/GUI_APP/Widgets_V1.04/TouchGFX/gui/src/measurementscreen_screen/MeasurementScreenView.cpp:8:6:virtual void MeasurementScreenView::setupScreen()	0	static
D:/GUI_APP/Widgets_V1.04/TouchGFX/gui/src/measurementscreen_screen/MeasurementScreenView.cpp:18:6:virtual void MeasurementScreenView::updateCurrent1(uint16_t)	8	static
../../TouchGFX/gui/include/gui/measurementscreen_screen/MeasurementScreenView.hpp:11:13:virtual MeasurementScreenView::~MeasurementScreenView()	8	static
D:/GUI_APP/Widgets_V1.04/TouchGFX/gui/src/measurementscreen_screen/MeasurementScreenView.cpp:3:1:MeasurementScreenView::MeasurementScreenView()	8	static
