../../TouchGFX/gui/include/gui/model/ModelListener.hpp:19:18:virtual void ModelListener::updateCurrent1(uint16_t)	0	static
../../TouchGFX/gui/include/gui/model/ModelListener.hpp:21:18:virtual void ModelListener::sdMsgTxtUpdate(char*)	0	static
../../TouchGFX/gui/include/gui/model/ModelListener.hpp:22:18:virtual void ModelListener::fileListUpdate(char*, int)	0	static
../../TouchGFX/gui/include/gui/screen1_screen/Screen1Presenter.hpp:28:13:Screen1Presenter::~Screen1Presenter()	0	static
D:/GUI_APP/Widgets_V1.04/TouchGFX/gui/src/screen1_screen/Screen1Presenter.cpp:10:6:virtual void Screen1Presenter::activate()	0	static
D:/GUI_APP/Widgets_V1.04/TouchGFX/gui/src/screen1_screen/Screen1Presenter.cpp:20:6:virtual void Screen1Presenter::clockUpdate(uint8_t, uint8_t, uint8_t)	4	static
D:/GUI_APP/Widgets_V1.04/TouchGFX/gui/src/screen1_screen/Screen1Presenter.cpp:24:6:virtual void Screen1Presenter::sdStatusUpdate(bool)	0	static
../../TouchGFX/gui/include/gui/screen1_screen/Screen1Presenter.hpp:28:13:virtual Screen1Presenter::~Screen1Presenter()	8	static
../../TouchGFX/gui/include/gui/screen1_screen/Screen1Presenter.hpp:28:13:virtual void* Screen1Presenter::_ZThn4_N16Screen1PresenterD1Ev()	0	static
D:/GUI_APP/Widgets_V1.04/TouchGFX/gui/src/screen1_screen/Screen1Presenter.cpp:4:1:Screen1Presenter::Screen1Presenter(Screen1View&)	8	static
