../../Middlewares/ST/touchgfx/framework/include/touchgfx/Screen.hpp:104:18:virtual void touchgfx::Screen::afterTransition()	0	static
../../Middlewares/ST/touchgfx/framework/include/touchgfx/Screen.hpp:144:18:virtual void touchgfx::Screen::handleTickEvent()	0	static
../../Middlewares/ST/touchgfx/framework/include/touchgfx/Screen.hpp:154:18:virtual void touchgfx::Screen::handleKeyEvent(uint8_t)	0	static
../../TouchGFX/gui/include/gui/settingscreen_screen/SettingScreenView.hpp:14:13:SettingScreenView::~SettingScreenView()	0	static
D:/GUI_APP/Widgets_V1.04/TouchGFX/gui/src/settingscreen_screen/SettingScreenView.cpp:18:6:virtual void SettingScreenView::tearDownScreen()	0	static
D:/GUI_APP/Widgets_V1.04/TouchGFX/gui/src/settingscreen_screen/SettingScreenView.cpp:13:6:virtual void SettingScreenView::setupScreen()	0	static
D:/GUI_APP/Widgets_V1.04/TouchGFX/gui/src/settingscreen_screen/SettingScreenView.cpp:22:6:virtual void SettingScreenView::nextArrowCallback()	16	static
D:/GUI_APP/Widgets_V1.04/TouchGFX/gui/src/settingscreen_screen/SettingScreenView.cpp:32:6:virtual void SettingScreenView::backArrowCallback()	16	static
D:/GUI_APP/Widgets_V1.04/TouchGFX/gui/src/settingscreen_screen/SettingScreenView.cpp:42:6:virtual void SettingScreenView::minutePlusFunction()	16	static
D:/GUI_APP/Widgets_V1.04/TouchGFX/gui/src/settingscreen_screen/SettingScreenView.cpp:51:6:virtual void SettingScreenView::minuteMinusFunction()	16	static
D:/GUI_APP/Widgets_V1.04/TouchGFX/gui/src/settingscreen_screen/SettingScreenView.cpp:60:6:virtual void SettingScreenView::secondPlusFunction()	16	static
D:/GUI_APP/Widgets_V1.04/TouchGFX/gui/src/settingscreen_screen/SettingScreenView.cpp:69:6:virtual void SettingScreenView::secondMinusFunction()	8	static
../../TouchGFX/gui/include/gui/settingscreen_screen/SettingScreenView.hpp:14:13:virtual SettingScreenView::~SettingScreenView()	8	static
D:/GUI_APP/Widgets_V1.04/TouchGFX/gui/src/settingscreen_screen/SettingScreenView.cpp:79:6:virtual void SettingScreenView::setTimeFunction()	24	static
D:/GUI_APP/Widgets_V1.04/TouchGFX/gui/src/settingscreen_screen/SettingScreenView.cpp:8:1:SettingScreenView::SettingScreenView()	8	static
