D:/GUI_APP/Widgets_V1.04/Core/Src/main.c:1137:13:SPI5_Write	16	static
D:/GUI_APP/Widgets_V1.04/Core/Src/main.c:1254:6:StartDefaultTask	8	static
D:/GUI_APP/Widgets_V1.04/Core/Src/main.c:1279:6:StartClockTask	8	static
D:/GUI_APP/Widgets_V1.04/Core/Src/main.c:1310:6:StartSdTask	96	static
D:/GUI_APP/Widgets_V1.04/Core/Src/main.c:1392:6:StartSetClockTask	32	static
D:/GUI_APP/Widgets_V1.04/Core/Src/main.c:400:6:SystemClock_Config	96	static
D:/GUI_APP/Widgets_V1.04/Core/Src/main.c:278:5:main	120	static
D:/GUI_APP/Widgets_V1.04/Core/Src/main.c:981:6:IOE_Init	0	static
D:/GUI_APP/Widgets_V1.04/Core/Src/main.c:990:6:IOE_ITConfig	0	static
D:/GUI_APP/Widgets_V1.04/Core/Src/main.c:1002:6:IOE_Write	32	static
D:/GUI_APP/Widgets_V1.04/Core/Src/main.c:1013:9:IOE_Read	32	static
D:/GUI_APP/Widgets_V1.04/Core/Src/main.c:1026:10:IOE_ReadMultiple	24	static
D:/GUI_APP/Widgets_V1.04/Core/Src/main.c:1035:6:IOE_Delay	0	static
D:/GUI_APP/Widgets_V1.04/Core/Src/main.c:1163:6:LCD_IO_Init	8	static
D:/GUI_APP/Widgets_V1.04/Core/Src/main.c:1173:6:LCD_IO_WriteData	16	static
D:/GUI_APP/Widgets_V1.04/Core/Src/main.c:1189:6:LCD_IO_WriteReg	16	static
D:/GUI_APP/Widgets_V1.04/Core/Src/main.c:1208:10:LCD_IO_ReadData	32	static
D:/GUI_APP/Widgets_V1.04/Core/Src/main.c:1235:6:LCD_Delay	0	static
D:/GUI_APP/Widgets_V1.04/Core/Src/main.c:1240:6:HAL_GPIO_EXTI_Callback	0	static
D:/GUI_APP/Widgets_V1.04/Core/Src/main.c:1425:6:HAL_TIM_PeriodElapsedCallback	0	static
D:/GUI_APP/Widgets_V1.04/Core/Src/main.c:1442:6:Error_Handler	0	static
