D:/GUI_APP/Widgets_V1.04/Core/Src/stm32f4xx_hal_msp.c:65:6:HAL_MspInit	8	static
D:/GUI_APP/Widgets_V1.04/Core/Src/stm32f4xx_hal_msp.c:89:6:HAL_CRC_MspInit	8	static
D:/GUI_APP/Widgets_V1.04/Core/Src/stm32f4xx_hal_msp.c:111:6:HAL_CRC_MspDeInit	0	static
D:/GUI_APP/Widgets_V1.04/Core/Src/stm32f4xx_hal_msp.c:133:6:HAL_DMA2D_MspInit	16	static
D:/GUI_APP/Widgets_V1.04/Core/Src/stm32f4xx_hal_msp.c:158:6:HAL_DMA2D_MspDeInit	0	static
D:/GUI_APP/Widgets_V1.04/Core/Src/stm32f4xx_hal_msp.c:183:6:HAL_I2C_MspInit	64	static
D:/GUI_APP/Widgets_V1.04/Core/Src/stm32f4xx_hal_msp.c:231:6:HAL_I2C_MspDeInit	8	static
D:/GUI_APP/Widgets_V1.04/Core/Src/stm32f4xx_hal_msp.c:262:6:HAL_LTDC_MspInit	120	static
D:/GUI_APP/Widgets_V1.04/Core/Src/stm32f4xx_hal_msp.c:387:6:HAL_LTDC_MspDeInit	8	static
D:/GUI_APP/Widgets_V1.04/Core/Src/stm32f4xx_hal_msp.c:449:6:HAL_RTC_MspInit	56	static
D:/GUI_APP/Widgets_V1.04/Core/Src/stm32f4xx_hal_msp.c:482:6:HAL_RTC_MspDeInit	0	static
D:/GUI_APP/Widgets_V1.04/Core/Src/stm32f4xx_hal_msp.c:504:6:HAL_SD_MspInit	64	static
D:/GUI_APP/Widgets_V1.04/Core/Src/stm32f4xx_hal_msp.c:579:6:HAL_SD_MspDeInit	8	static
D:/GUI_APP/Widgets_V1.04/Core/Src/stm32f4xx_hal_msp.c:617:6:HAL_SPI_MspInit	40	static
D:/GUI_APP/Widgets_V1.04/Core/Src/stm32f4xx_hal_msp.c:654:6:HAL_SPI_MspDeInit	0	static
D:/GUI_APP/Widgets_V1.04/Core/Src/stm32f4xx_hal_msp.c:684:6:HAL_UART_MspInit	40	static
D:/GUI_APP/Widgets_V1.04/Core/Src/stm32f4xx_hal_msp.c:720:6:HAL_UART_MspDeInit	0	static
D:/GUI_APP/Widgets_V1.04/Core/Src/stm32f4xx_hal_msp.c:851:6:HAL_SDRAM_MspInit	48	static
D:/GUI_APP/Widgets_V1.04/Core/Src/stm32f4xx_hal_msp.c:937:6:HAL_SDRAM_MspDeInit	8	static
