D:/GUI_APP/Widgets_V1.04/Core/Src/stm32f4xx_it.c:75:6:NMI_Handler	0	static
D:/GUI_APP/Widgets_V1.04/Core/Src/stm32f4xx_it.c:88:6:HardFault_Handler	8	static
D:/GUI_APP/Widgets_V1.04/Core/Src/stm32f4xx_it.c:104:6:MemManage_Handler	0	static
D:/GUI_APP/Widgets_V1.04/Core/Src/stm32f4xx_it.c:119:6:BusFault_Handler	0	static
D:/GUI_APP/Widgets_V1.04/Core/Src/stm32f4xx_it.c:134:6:UsageFault_Handler	0	static
D:/GUI_APP/Widgets_V1.04/Core/Src/stm32f4xx_it.c:149:6:DebugMon_Handler	0	static
D:/GUI_APP/Widgets_V1.04/Core/Src/stm32f4xx_it.c:169:6:EXTI0_IRQHandler	0	static
D:/GUI_APP/Widgets_V1.04/Core/Src/stm32f4xx_it.c:183:6:SDIO_IRQHandler	0	static
D:/GUI_APP/Widgets_V1.04/Core/Src/stm32f4xx_it.c:197:6:TIM6_DAC_IRQHandler	0	static
D:/GUI_APP/Widgets_V1.04/Core/Src/stm32f4xx_it.c:211:6:DMA2_Stream3_IRQHandler	0	static
D:/GUI_APP/Widgets_V1.04/Core/Src/stm32f4xx_it.c:225:6:LTDC_IRQHandler	0	static
D:/GUI_APP/Widgets_V1.04/Core/Src/stm32f4xx_it.c:239:6:DMA2D_IRQHandler	0	static
